// Jest Snapshot v1, https://goo.gl/fbAQLP

exports[`Handle registration 1`] = `
Object {
  "AccountState": Array [
    StateReadModel {
      "id": UserId {
        "id": "cb8b715e-738b-49a1-9829-7f8d6ba54f9c",
      },
      "playhead": 1,
      "state": Immutable.AccountState {
        "playhead": 0,
        "id": null,
        "name": "John doe",
      },
    },
  ],
}
`;
