// Jest Snapshot v1, https://goo.gl/fbAQLP

exports[`TransitJSSerializer Can serialize a random class 1`] = `"[\\"~#TestClass\\",[\\"^ \\",\\"foo\\",\\"d\\",\\"t\\",2,\\"name\\",55,\\"date\\",\\"~m1518770045540\\"]]"`;

exports[`TransitJSSerializer Can serialize normal javascript objects 1`] = `"[\\"^ \\",\\"date\\",\\"~m1518770045540\\",\\"arrays\\",[1,2,3],\\"objects\\",[\\"^ \\",\\"test\\",2]]"`;

exports[`TransitJSSerializer Can serialize records 1`] = `"[\\"~#iR\\",[\\"^ \\",\\"n\\",\\"test\\",\\"v\\",[\\"^ \\",\\"name\\",\\"bar\\"]]]"`;
